// Jest Snapshot v1, https://goo.gl/fbAQLP

exports[`Test City Results Renders Correctly 1`] = `
<View
  style={
    Object {
      "alignItems": "center",
      "backgroundColor": "#242424",
      "borderRadius": 5,
      "justifyContent": "center",
      "marginHorizontal": 20,
      "marginVertical": 10,
      "padding": 10,
    }
  }
>
  <Text
    accessibilityRole="text"
    style={
      Object {
        "color": "#ff190c",
        "textAlign": "center",
      }
    }
    testID="error"
  >
    Woooah! Didnt expect that? Welp it happened.. This is an error
  </Text>
</View>
`;
